Traceback (most recent call last):
  File "/home/kongbin/test/key_control.py", line 16, in <module>
    GPIO.setup(KEY_POWER, GPIO.IN, pull_up_down=GPIO.PUD_UP)
    ~~~~~~~~~~^^^^^^^^^^^^^^^^^^^^^^^^^^^^^^^^^^^^^^^^^^^^^^
  File "/usr/lib/python3/dist-packages/RPi/GPIO/__init__.py", line 696, in setup
    _check(lgpio.gpio_claim_input(_chip, gpio, {
           ~~~~~~~~~~~~~~~~~~~~~~^^^^^^^^^^^^^^^
        PUD_OFF:  lgpio.SET_PULL_NONE,
        ^^^^^^^^^^^^^^^^^^^^^^^^^^^^^^
        PUD_DOWN: lgpio.SET_PULL_DOWN,
        ^^^^^^^^^^^^^^^^^^^^^^^^^^^^^^
        PUD_UP:   lgpio.SET_PULL_UP,
        ^^^^^^^^^^^^^^^^^^^^^^^^^^^^
    }[pull_up_down]))
    ^^^^^^^^^^^^^^^^
  File "/usr/lib/python3/dist-packages/lgpio.py", line 755, in gpio_claim_input
    return _u2i(_lgpio._gpio_claim_input(handle&0xffff, lFlags, gpio))
  File "/usr/lib/python3/dist-packages/lgpio.py", line 458, in _u2i
    raise error(error_text(v))
lgpio.error: 'GPIO busy'
